INFO:     Will watch for changes in these directories: ['/media/samtek/disk/Boxify-Web/backend']
INFO:     Uvicorn running on http://127.0.0.1:8000 (Press CTRL+C to quit)
INFO:     Started reloader process [688433] using WatchFiles
INFO:     Started server process [688454]
INFO:     Waiting for application startup.
ERROR:    Traceback (most recent call last):
  File "/media/samtek/disk/Boxify-Web/backend/venv/lib/python3.10/site-packages/sqlalchemy/engine/base.py", line 145, in __init__
    self._dbapi_connection = engine.raw_connection()
  File "/media/samtek/disk/Boxify-Web/backend/venv/lib/python3.10/site-packages/sqlalchemy/engine/base.py", line 3288, in raw_connection
    return self.pool.connect()
  File "/media/samtek/disk/Boxify-Web/backend/venv/lib/python3.10/site-packages/sqlalchemy/pool/base.py", line 452, in connect
    return _ConnectionFairy._checkout(self)
  File "/media/samtek/disk/Boxify-Web/backend/venv/lib/python3.10/site-packages/sqlalchemy/pool/base.py", line 1267, in _checkout
    fairy = _ConnectionRecord.checkout(pool)
  File "/media/samtek/disk/Boxify-Web/backend/venv/lib/python3.10/site-packages/sqlalchemy/pool/base.py", line 716, in checkout
    rec = pool._do_get()
  File "/media/samtek/disk/Boxify-Web/backend/venv/lib/python3.10/site-packages/sqlalchemy/pool/impl.py", line 169, in _do_get
    with util.safe_reraise():
  File "/media/samtek/disk/Boxify-Web/backend/venv/lib/python3.10/site-packages/sqlalchemy/util/langhelpers.py", line 146, in __exit__
    raise exc_value.with_traceback(exc_tb)
  File "/media/samtek/disk/Boxify-Web/backend/venv/lib/python3.10/site-packages/sqlalchemy/pool/impl.py", line 167, in _do_get
    return self._create_connection()
  File "/media/samtek/disk/Boxify-Web/backend/venv/lib/python3.10/site-packages/sqlalchemy/pool/base.py", line 393, in _create_connection
    return _ConnectionRecord(self)
  File "/media/samtek/disk/Boxify-Web/backend/venv/lib/python3.10/site-packages/sqlalchemy/pool/base.py", line 678, in __init__
    self.__connect()
  File "/media/samtek/disk/Boxify-Web/backend/venv/lib/python3.10/site-packages/sqlalchemy/pool/base.py", line 902, in __connect
    with util.safe_reraise():
  File "/media/samtek/disk/Boxify-Web/backend/venv/lib/python3.10/site-packages/sqlalchemy/util/langhelpers.py", line 146, in __exit__
    raise exc_value.with_traceback(exc_tb)
  File "/media/samtek/disk/Boxify-Web/backend/venv/lib/python3.10/site-packages/sqlalchemy/pool/base.py", line 898, in __connect
    self.dbapi_connection = connection = pool._invoke_creator(self)
  File "/media/samtek/disk/Boxify-Web/backend/venv/lib/python3.10/site-packages/sqlalchemy/engine/create.py", line 637, in connect
    return dialect.connect(*cargs, **cparams)
  File "/media/samtek/disk/Boxify-Web/backend/venv/lib/python3.10/site-packages/sqlalchemy/engine/default.py", line 615, in connect
    return self.loaded_dbapi.connect(*cargs, **cparams)
  File "/media/samtek/disk/Boxify-Web/backend/venv/lib/python3.10/site-packages/pymysql/connections.py", line 358, in __init__
    self.connect()
  File "/media/samtek/disk/Boxify-Web/backend/venv/lib/python3.10/site-packages/pymysql/connections.py", line 664, in connect
    self._request_authentication()
  File "/media/samtek/disk/Boxify-Web/backend/venv/lib/python3.10/site-packages/pymysql/connections.py", line 976, in _request_authentication
    auth_packet = _auth.caching_sha2_password_auth(self, auth_packet)
  File "/media/samtek/disk/Boxify-Web/backend/venv/lib/python3.10/site-packages/pymysql/_auth.py", line 240, in caching_sha2_password_auth
    pkt = conn._read_packet()
  File "/media/samtek/disk/Boxify-Web/backend/venv/lib/python3.10/site-packages/pymysql/connections.py", line 772, in _read_packet
    packet.raise_for_error()
  File "/media/samtek/disk/Boxify-Web/backend/venv/lib/python3.10/site-packages/pymysql/protocol.py", line 221, in raise_for_error
    err.raise_mysql_exception(self._data)
  File "/media/samtek/disk/Boxify-Web/backend/venv/lib/python3.10/site-packages/pymysql/err.py", line 143, in raise_mysql_exception
    raise errorclass(errno, errval)
pymysql.err.OperationalError: (1049, "Unknown database 'boxify'")

The above exception was the direct cause of the following exception:

Traceback (most recent call last):
  File "/media/samtek/disk/Boxify-Web/backend/venv/lib/python3.10/site-packages/starlette/routing.py", line 693, in lifespan
    async with self.lifespan_context(app) as maybe_state:
  File "/usr/lib/python3.10/contextlib.py", line 199, in __aenter__
    return await anext(self.gen)
  File "/media/samtek/disk/Boxify-Web/backend/venv/lib/python3.10/site-packages/fastapi/routing.py", line 133, in merged_lifespan
    async with original_context(app) as maybe_original_state:
  File "/usr/lib/python3.10/contextlib.py", line 199, in __aenter__
    return await anext(self.gen)
  File "/media/samtek/disk/Boxify-Web/backend/venv/lib/python3.10/site-packages/fastapi/routing.py", line 133, in merged_lifespan
    async with original_context(app) as maybe_original_state:
  File "/usr/lib/python3.10/contextlib.py", line 199, in __aenter__
    return await anext(self.gen)
  File "/media/samtek/disk/Boxify-Web/backend/venv/lib/python3.10/site-packages/fastapi/routing.py", line 133, in merged_lifespan
    async with original_context(app) as maybe_original_state:
  File "/media/samtek/disk/Boxify-Web/backend/venv/lib/python3.10/site-packages/starlette/routing.py", line 569, in __aenter__
    await self._router.startup()
  File "/media/samtek/disk/Boxify-Web/backend/venv/lib/python3.10/site-packages/starlette/routing.py", line 672, in startup
    handler()
  File "/media/samtek/disk/Boxify-Web/backend/api/main.py", line 70, in on_startup
    models.Base.metadata.create_all(bind=engine)
  File "/media/samtek/disk/Boxify-Web/backend/venv/lib/python3.10/site-packages/sqlalchemy/sql/schema.py", line 5813, in create_all
    bind._run_ddl_visitor(
  File "/media/samtek/disk/Boxify-Web/backend/venv/lib/python3.10/site-packages/sqlalchemy/engine/base.py", line 3238, in _run_ddl_visitor
    with self.begin() as conn:
  File "/usr/lib/python3.10/contextlib.py", line 135, in __enter__
    return next(self.gen)
  File "/media/samtek/disk/Boxify-Web/backend/venv/lib/python3.10/site-packages/sqlalchemy/engine/base.py", line 3228, in begin
    with self.connect() as conn:
  File "/media/samtek/disk/Boxify-Web/backend/venv/lib/python3.10/site-packages/sqlalchemy/engine/base.py", line 3264, in connect
    return self._connection_cls(self)
  File "/media/samtek/disk/Boxify-Web/backend/venv/lib/python3.10/site-packages/sqlalchemy/engine/base.py", line 147, in __init__
    Connection._handle_dbapi_exception_noconnection(
  File "/media/samtek/disk/Boxify-Web/backend/venv/lib/python3.10/site-packages/sqlalchemy/engine/base.py", line 2426, in _handle_dbapi_exception_noconnection
    raise sqlalchemy_exception.with_traceback(exc_info[2]) from e
  File "/media/samtek/disk/Boxify-Web/backend/venv/lib/python3.10/site-packages/sqlalchemy/engine/base.py", line 145, in __init__
    self._dbapi_connection = engine.raw_connection()
  File "/media/samtek/disk/Boxify-Web/backend/venv/lib/python3.10/site-packages/sqlalchemy/engine/base.py", line 3288, in raw_connection
    return self.pool.connect()
  File "/media/samtek/disk/Boxify-Web/backend/venv/lib/python3.10/site-packages/sqlalchemy/pool/base.py", line 452, in connect
    return _ConnectionFairy._checkout(self)
  File "/media/samtek/disk/Boxify-Web/backend/venv/lib/python3.10/site-packages/sqlalchemy/pool/base.py", line 1267, in _checkout
    fairy = _ConnectionRecord.checkout(pool)
  File "/media/samtek/disk/Boxify-Web/backend/venv/lib/python3.10/site-packages/sqlalchemy/pool/base.py", line 716, in checkout
    rec = pool._do_get()
  File "/media/samtek/disk/Boxify-Web/backend/venv/lib/python3.10/site-packages/sqlalchemy/pool/impl.py", line 169, in _do_get
    with util.safe_reraise():
  File "/media/samtek/disk/Boxify-Web/backend/venv/lib/python3.10/site-packages/sqlalchemy/util/langhelpers.py", line 146, in __exit__
    raise exc_value.with_traceback(exc_tb)
  File "/media/samtek/disk/Boxify-Web/backend/venv/lib/python3.10/site-packages/sqlalchemy/pool/impl.py", line 167, in _do_get
    return self._create_connection()
  File "/media/samtek/disk/Boxify-Web/backend/venv/lib/python3.10/site-packages/sqlalchemy/pool/base.py", line 393, in _create_connection
    return _ConnectionRecord(self)
  File "/media/samtek/disk/Boxify-Web/backend/venv/lib/python3.10/site-packages/sqlalchemy/pool/base.py", line 678, in __init__
    self.__connect()
  File "/media/samtek/disk/Boxify-Web/backend/venv/lib/python3.10/site-packages/sqlalchemy/pool/base.py", line 902, in __connect
    with util.safe_reraise():
  File "/media/samtek/disk/Boxify-Web/backend/venv/lib/python3.10/site-packages/sqlalchemy/util/langhelpers.py", line 146, in __exit__
    raise exc_value.with_traceback(exc_tb)
  File "/media/samtek/disk/Boxify-Web/backend/venv/lib/python3.10/site-packages/sqlalchemy/pool/base.py", line 898, in __connect
    self.dbapi_connection = connection = pool._invoke_creator(self)
  File "/media/samtek/disk/Boxify-Web/backend/venv/lib/python3.10/site-packages/sqlalchemy/engine/create.py", line 637, in connect
    return dialect.connect(*cargs, **cparams)
  File "/media/samtek/disk/Boxify-Web/backend/venv/lib/python3.10/site-packages/sqlalchemy/engine/default.py", line 615, in connect
    return self.loaded_dbapi.connect(*cargs, **cparams)
  File "/media/samtek/disk/Boxify-Web/backend/venv/lib/python3.10/site-packages/pymysql/connections.py", line 358, in __init__
    self.connect()
  File "/media/samtek/disk/Boxify-Web/backend/venv/lib/python3.10/site-packages/pymysql/connections.py", line 664, in connect
    self._request_authentication()
  File "/media/samtek/disk/Boxify-Web/backend/venv/lib/python3.10/site-packages/pymysql/connections.py", line 976, in _request_authentication
    auth_packet = _auth.caching_sha2_password_auth(self, auth_packet)
  File "/media/samtek/disk/Boxify-Web/backend/venv/lib/python3.10/site-packages/pymysql/_auth.py", line 240, in caching_sha2_password_auth
    pkt = conn._read_packet()
  File "/media/samtek/disk/Boxify-Web/backend/venv/lib/python3.10/site-packages/pymysql/connections.py", line 772, in _read_packet
    packet.raise_for_error()
  File "/media/samtek/disk/Boxify-Web/backend/venv/lib/python3.10/site-packages/pymysql/protocol.py", line 221, in raise_for_error
    err.raise_mysql_exception(self._data)
  File "/media/samtek/disk/Boxify-Web/backend/venv/lib/python3.10/site-packages/pymysql/err.py", line 143, in raise_mysql_exception
    raise errorclass(errno, errval)
sqlalchemy.exc.OperationalError: (pymysql.err.OperationalError) (1049, "Unknown database 'boxify'")
(Background on this error at: https://sqlalche.me/e/20/e3q8)

ERROR:    Application startup failed. Exiting.
INFO:     Stopping reloader process [688433]
